// Jest Snapshot v1, https://goo.gl/fbAQLP

exports[`CityFilter the CityFilter component renders correctly 1`] = `[Function]`;
